******************************************************************************
                  TI ARM Linker Unix v20.2.7                   
******************************************************************************
>> Linked Fri Oct 18 19:32:07 2024

OUTPUT FILE NAME:   <Recording_Device.out>
ENTRY POINT SYMBOL: "_c_int00_noargs"  address: 00004cb5


MEMORY CONFIGURATION

         name            origin    length      used     unused   attr    fill
----------------------  --------  ---------  --------  --------  ----  --------
  FLASH                 00000000   00040000  00004fe6  0003b01a  R  X
  SRAM                  20000000   00008000  00000ab0  00007550  RW X


SEGMENT ALLOCATION MAP

run origin  load origin   length   init length attrs members
----------  ----------- ---------- ----------- ----- -------
00000000    00000000    00004fe8   00004fe8    r-x
  00000000    00000000    0000026c   0000026c    r-- .intvecs
  0000026c    0000026c    00004ab6   00004ab6    r-x .text
  00004d24    00004d24    0000028c   0000028c    r-- .const
  00004fb0    00004fb0    00000038   00000038    r-- .cinit
20000000    20000000    00000ab4   00000000    rw-
  20000000    20000000    0000089c   00000000    rw- .bss
  200008a0    200008a0    00000200   00000000    rw- .stack
  20000aa0    20000aa0    00000014   00000000    rw- .data


SECTION ALLOCATION MAP

 output                                  attributes/
section   page    origin      length       input sections
--------  ----  ----------  ----------   ----------------
.intvecs   0    00000000    0000026c     
                  00000000    0000026c     tm4c123gh6pz_startup_ccs.obj (.intvecs)

.text      0    0000026c    00004ab6     
                  0000026c    00002eea     ff.obj (.text)
                  00003156    00000002     --HOLE-- [fill = 0]
                  00003158    000008b0     tm4c123g.obj (.text)
                  00003a08    0000030c     init.obj (.text)
                  00003d14    000002e8     sysctl.obj (.text)
                  00003ffc    00000264     sm.obj (.text)
                  00004260    0000022c     gpio.obj (.text)
                  0000448c    00000220     adc.obj (.text)
                  000046ac    00000188     ssi.obj (.text)
                  00004834    00000140     timer.obj (.text)
                  00004974    000000ac     nvic.obj (.text)
                  00004a20    0000009c     rtsv7M4_T_le_v4SPD16_eabi.lib : memcpy_t2.asm.obj (.text)
                  00004abc    00000094     sw.obj (.text)
                  00004b50    0000007a     rtsv7M4_T_le_v4SPD16_eabi.lib : memset_t2.asm.obj (.text)
                  00004bca    00000068                                   : copy_decompress_lzss.c.obj (.text:decompress:lzss:__TI_decompress_lzss)
                  00004c32    00000002     --HOLE-- [fill = 0]
                  00004c34    00000044                                   : autoinit.c.obj (.text:__TI_auto_init_nobinit_nopinit:__TI_auto_init_nobinit_nopinit)
                  00004c78    0000003c     mempool.obj (.text)
                  00004cb4    00000034     rtsv7M4_T_le_v4SPD16_eabi.lib : boot_cortex_m.c.obj (.text:_c_int00_noargs:_c_int00_noargs)
                  00004ce8    0000000e                                   : copy_decompress_none.c.obj (.text:decompress:none:__TI_decompress_none)
                  00004cf6    0000000c                                   : copy_zero_init.c.obj (.text:decompress:ZI:__TI_zero_init)
                  00004d02    0000000c     main.obj (.text)
                  00004d0e    0000000c     tm4c123gh6pz_startup_ccs.obj (.text)
                  00004d1a    00000004     rtsv7M4_T_le_v4SPD16_eabi.lib : pre_init.c.obj (.text:_system_pre_init)
                  00004d1e    00000004                                   : exit.c.obj (.text:abort:abort)

.const     0    00004d24    0000028c     
                  00004d24    000000ea     gpio.obj (.const:.string:$P$T1$2)
                  00004e0e    00000055     nvic.obj (.const:.string:$P$T0$1)
                  00004e63    00000001     --HOLE-- [fill = 0]
                  00004e64    00000034     ssi.obj (.const:$P$T3$4)
                  00004e98    00000028     gpio.obj (.const:$P$T0$1)
                  00004ec0    00000020     adc.obj (.const:$P$T1$2)
                  00004ee0    00000020     adc.obj (.const:$P$T2$3)
                  00004f00    00000020     adc.obj (.const:$P$T3$4)
                  00004f20    0000001c     adc.obj (.const:$P$T4$5)
                  00004f3c    00000018     timer.obj (.const:$P$T0$1)
                  00004f54    00000010     ssi.obj (.const:$P$T0$1)
                  00004f64    00000010     ssi.obj (.const:$P$T2$3)
                  00004f74    0000000c     ssi.obj (.const:$P$T1$2)
                  00004f80    00000008     adc.obj (.const:$P$T0$1)
                  00004f88    00000008     timer.obj (.const:$P$T1$2)
                  00004f90    00000008     timer.obj (.const:$P$T2$3)
                  00004f98    00000008     timer.obj (.const:$P$T3$4)
                  00004fa0    00000008     timer.obj (.const:$P$T4$5)
                  00004fa8    00000008     gpio.obj (.const:.string:$P$T2$3)

.cinit     0    00004fb0    00000038     
                  00004fb0    00000013     (.cinit..data.load) [load image, compression = lzss]
                  00004fc3    00000001     --HOLE-- [fill = 0]
                  00004fc4    0000000c     (__TI_handler_table)
                  00004fd0    00000008     (.cinit..bss.load) [load image, compression = zero_init]
                  00004fd8    00000010     (__TI_cinit_table)

.init_array 
*          0    00000000    00000000     UNINITIALIZED

.bss       0    20000000    0000089c     UNINITIALIZED
                  20000000    00000234     sm.obj (.bss:fatfs)
                  20000234    00000224     sm.obj (.bss:file)
                  20000458    00000200     sm.obj (.bss:buffer)
                  20000658    00000200     mempool.obj (.bss:mempool)
                  20000858    0000001e     sm.obj (.bss)
                  20000876    00000002     ff.obj (.bss)
                  20000878    00000014     sm.obj (.bss:info)
                  2000088c    00000008     tm4c123g.obj (.bss)
                  20000894    00000004     ff.obj (.bss:FatFs)
                  20000898    00000004     mempool.obj (.bss)

.data      0    20000aa0    00000014     UNINITIALIZED
                  20000aa0    00000005     tm4c123g.obj (.data:disk)
                  20000aa5    00000003     --HOLE--
                  20000aa8    00000004     nvic.obj (.data)
                  20000aac    00000004     sm.obj (.data)
                  20000ab0    00000004     sysctl.obj (.data)

.stack     0    200008a0    00000200     UNINITIALIZED
                  200008a0    00000004     rtsv7M4_T_le_v4SPD16_eabi.lib : boot_cortex_m.c.obj (.stack)
                  200008a4    000001fc     --HOLE--

__llvm_prf_cnts 
*          0    20000000    00000000     UNINITIALIZED

MODULE SUMMARY

       Module                         code    ro data   rw data
       ------                         ----    -------   -------
    ./
       tm4c123gh6pz_startup_ccs.obj   12      620       0      
    +--+------------------------------+-------+---------+---------+
       Total:                         12      620       0      
                                                               
    ./Device_Library/source/
       mempool.obj                    60      0         516    
       sw.obj                         148     0         0      
    +--+------------------------------+-------+---------+---------+
       Total:                         208     0         516    
                                                               
    ./Hardware_Library/source/
       gpio.obj                       556     282       0      
       sysctl.obj                     744     0         4      
       adc.obj                        544     132       0      
       ssi.obj                        392     96        0      
       timer.obj                      320     56        0      
       nvic.obj                       172     85        4      
    +--+------------------------------+-------+---------+---------+
       Total:                         2728    651       8      
                                                               
    ./Project_Main/
       sm.obj                         612     0         1678   
       init.obj                       780     0         0      
       main.obj                       12      0         0      
    +--+------------------------------+-------+---------+---------+
       Total:                         1404    0         1678   
                                                               
    ./SD_Library/fatfs/
       ff.obj                         12010   0         6      
       tm4c123g.obj                   2224    0         13     
    +--+------------------------------+-------+---------+---------+
       Total:                         14234   0         19     
                                                               
    /home/josef/ti/ccs1271/ccs/tools/compiler/ti-cgt-arm_20.2.7.LTS/lib/rtsv7M4_T_le_v4SPD16_eabi.lib
       memcpy_t2.asm.obj              156     0         0      
       memset_t2.asm.obj              122     0         0      
       copy_decompress_lzss.c.obj     104     0         0      
       autoinit.c.obj                 68      0         0      
       boot_cortex_m.c.obj            52      0         0      
       copy_decompress_none.c.obj     14      0         0      
       copy_zero_init.c.obj           12      0         0      
       exit.c.obj                     4       0         0      
       pre_init.c.obj                 4       0         0      
    +--+------------------------------+-------+---------+---------+
       Total:                         536     0         0      
                                                               
       Stack:                         0       0         512    
       Linker Generated:              0       55        0      
    +--+------------------------------+-------+---------+---------+
       Grand Total:                   19122   1326      2733   


LINKER GENERATED COPY TABLES

__TI_cinit_table @ 00004fd8 records: 2, size/record: 8, table size: 16
	.data: load addr=00004fb0, load size=00000013 bytes, run addr=20000aa0, run size=00000014 bytes, compression=lzss
	.bss: load addr=00004fd0, load size=00000008 bytes, run addr=20000000, run size=0000089c bytes, compression=zero_init


LINKER GENERATED HANDLER TABLE

__TI_handler_table @ 00004fc4 records: 3, size/record: 4, table size: 12
	index: 0, handler: __TI_decompress_lzss
	index: 1, handler: __TI_decompress_none
	index: 2, handler: __TI_zero_init


GLOBAL SYMBOLS: SORTED ALPHABETICALLY BY Name 

address   name                          
-------   ----                          
00004d1f  C$$EXIT                       
00004d0f  ResetISR                      
20000aa0  __STACK_END                   
00000200  __STACK_SIZE                  
20000aa0  __STACK_TOP                   
00004fd8  __TI_CINIT_Base               
00004fe8  __TI_CINIT_Limit              
00004fc4  __TI_Handler_Table_Base       
00004fd0  __TI_Handler_Table_Limit      
00004c35  __TI_auto_init_nobinit_nopinit
00004bcb  __TI_decompress_lzss          
00004ce9  __TI_decompress_none          
ffffffff  __TI_pprof_out_hndl           
ffffffff  __TI_prof_data_size           
ffffffff  __TI_prof_data_start          
00000000  __TI_static_base__            
00004cf7  __TI_zero_init                
00004b51  __aeabi_memclr                
00004b51  __aeabi_memclr4               
00004b51  __aeabi_memclr8               
00004a21  __aeabi_memcpy                
00004a21  __aeabi_memcpy4               
00004a21  __aeabi_memcpy8               
00004b53  __aeabi_memset                
00004b53  __aeabi_memset4               
00004b53  __aeabi_memset8               
ffffffff  __binit__                     
ffffffff  __c_args__                    
UNDEFED   __mpu_init                    
200008a0  __stack                       
20000000  __start___llvm_prf_cnts       
20000000  __stop___llvm_prf_cnts        
00004cb5  _c_int00_noargs               
UNDEFED   _system_post_cinit            
00004d1b  _system_pre_init              
00004d1f  abort                         
0000448d  adc_address                   
00004651  adc_busy                      
00004615  adc_disable_sampler           
000045d9  adc_enable_interrupt          
000045f7  adc_enable_sampler            
00004669  adc_result                    
00004633  adc_sample                    
000045af  adc_set_averaging             
00004507  adc_set_end                   
000044a9  adc_set_order                 
0000455b  adc_set_trigger               
ffffffff  binit                         
00000505  clust2sect                    
0000345d  disk_initialize               
000037ad  disk_ioctl                    
0000361b  disk_read                     
00003601  disk_status                   
000039af  disk_timerproc                
000036c5  disk_write                    
00002a0f  f_chmod                       
000020d9  f_close                       
000024d1  f_getfree                     
00002c7b  f_gets                        
000020f9  f_lseek                       
00002829  f_mkdir                       
0000187b  f_mount                       
000018cd  f_open                        
00002347  f_opendir                     
00002d6d  f_printf                      
00002ceb  f_putc                        
00002d33  f_puts                        
00001ae5  f_read                        
000023f7  f_readdir                     
00002b23  f_rename                      
00002481  f_stat                        
00001fdd  f_sync                        
00002633  f_truncate                    
00002727  f_unlink                      
00002a9f  f_utime                       
00001d39  f_write                       
00000000  g_pfnVectors                  
00000535  get_fat                       
000039f3  get_fattime                   
00004261  gpio_address                  
000043e5  gpio_enable_analog            
000043c3  gpio_enable_digital           
0000446d  gpio_read                     
000042b3  gpio_set_direction            
00004379  gpio_set_function             
000042f5  gpio_set_operation            
00004339  gpio_set_resistor             
00004289  gpio_unlock                   
00004407  gpio_write_high               
00004429  gpio_write_low                
0000444b  gpio_write_toggle             
00003ce7  init                          
0000418b  isr_adc0_sequence0            
00004157  isr_timer0A                   
00004179  isr_timer1A                   
00004d03  main                          
00004a21  memcpy                        
00004c79  mempool_allocate              
00004b59  memset                        
00004975  nvic_enable_interrupt         
00000659  put_fat                       
00003ffd  sm_execute                    
000046ad  ssi_address                   
000047d1  ssi_disable_module            
000047bd  ssi_enable_module             
0000471f  ssi_set_format                
00004791  ssi_set_mode                  
000046c9  ssi_set_phase                 
000046f5  ssi_set_polarity              
00004745  ssi_set_rate                  
00004767  ssi_set_size                  
000047e5  ssi_write                     
00004abd  sw_create                     
00004b2d  sw_read                       
00003dc5  sysctl_enable_ahb             
00003d15  sysctl_enable_run_mode        
00003de3  sysctl_set_clock_adc          
00003e27  sysctl_set_clock_dma          
00003e61  sysctl_set_clock_gpio         
00003ea5  sysctl_set_clock_pwm          
00003ee9  sysctl_set_clock_ssi          
00003f2d  sysctl_set_clock_timer        
00003fb5  sysctl_set_clock_uart         
00003f71  sysctl_set_timer              
00004835  timer_address                 
00004913  timer_disable                 
000048ed  timer_enable                  
00004939  timer_interrupt               
000048c5  timer_set_load                
00004885  timer_set_mode                
00004859  timer_set_width               


GLOBAL SYMBOLS: SORTED BY Symbol Address 

address   name                          
-------   ----                          
00000000  __TI_static_base__            
00000000  g_pfnVectors                  
00000200  __STACK_SIZE                  
00000505  clust2sect                    
00000535  get_fat                       
00000659  put_fat                       
0000187b  f_mount                       
000018cd  f_open                        
00001ae5  f_read                        
00001d39  f_write                       
00001fdd  f_sync                        
000020d9  f_close                       
000020f9  f_lseek                       
00002347  f_opendir                     
000023f7  f_readdir                     
00002481  f_stat                        
000024d1  f_getfree                     
00002633  f_truncate                    
00002727  f_unlink                      
00002829  f_mkdir                       
00002a0f  f_chmod                       
00002a9f  f_utime                       
00002b23  f_rename                      
00002c7b  f_gets                        
00002ceb  f_putc                        
00002d33  f_puts                        
00002d6d  f_printf                      
0000345d  disk_initialize               
00003601  disk_status                   
0000361b  disk_read                     
000036c5  disk_write                    
000037ad  disk_ioctl                    
000039af  disk_timerproc                
000039f3  get_fattime                   
00003ce7  init                          
00003d15  sysctl_enable_run_mode        
00003dc5  sysctl_enable_ahb             
00003de3  sysctl_set_clock_adc          
00003e27  sysctl_set_clock_dma          
00003e61  sysctl_set_clock_gpio         
00003ea5  sysctl_set_clock_pwm          
00003ee9  sysctl_set_clock_ssi          
00003f2d  sysctl_set_clock_timer        
00003f71  sysctl_set_timer              
00003fb5  sysctl_set_clock_uart         
00003ffd  sm_execute                    
00004157  isr_timer0A                   
00004179  isr_timer1A                   
0000418b  isr_adc0_sequence0            
00004261  gpio_address                  
00004289  gpio_unlock                   
000042b3  gpio_set_direction            
000042f5  gpio_set_operation            
00004339  gpio_set_resistor             
00004379  gpio_set_function             
000043c3  gpio_enable_digital           
000043e5  gpio_enable_analog            
00004407  gpio_write_high               
00004429  gpio_write_low                
0000444b  gpio_write_toggle             
0000446d  gpio_read                     
0000448d  adc_address                   
000044a9  adc_set_order                 
00004507  adc_set_end                   
0000455b  adc_set_trigger               
000045af  adc_set_averaging             
000045d9  adc_enable_interrupt          
000045f7  adc_enable_sampler            
00004615  adc_disable_sampler           
00004633  adc_sample                    
00004651  adc_busy                      
00004669  adc_result                    
000046ad  ssi_address                   
000046c9  ssi_set_phase                 
000046f5  ssi_set_polarity              
0000471f  ssi_set_format                
00004745  ssi_set_rate                  
00004767  ssi_set_size                  
00004791  ssi_set_mode                  
000047bd  ssi_enable_module             
000047d1  ssi_disable_module            
000047e5  ssi_write                     
00004835  timer_address                 
00004859  timer_set_width               
00004885  timer_set_mode                
000048c5  timer_set_load                
000048ed  timer_enable                  
00004913  timer_disable                 
00004939  timer_interrupt               
00004975  nvic_enable_interrupt         
00004a21  __aeabi_memcpy                
00004a21  __aeabi_memcpy4               
00004a21  __aeabi_memcpy8               
00004a21  memcpy                        
00004abd  sw_create                     
00004b2d  sw_read                       
00004b51  __aeabi_memclr                
00004b51  __aeabi_memclr4               
00004b51  __aeabi_memclr8               
00004b53  __aeabi_memset                
00004b53  __aeabi_memset4               
00004b53  __aeabi_memset8               
00004b59  memset                        
00004bcb  __TI_decompress_lzss          
00004c35  __TI_auto_init_nobinit_nopinit
00004c79  mempool_allocate              
00004cb5  _c_int00_noargs               
00004ce9  __TI_decompress_none          
00004cf7  __TI_zero_init                
00004d03  main                          
00004d0f  ResetISR                      
00004d1b  _system_pre_init              
00004d1f  C$$EXIT                       
00004d1f  abort                         
00004fc4  __TI_Handler_Table_Base       
00004fd0  __TI_Handler_Table_Limit      
00004fd8  __TI_CINIT_Base               
00004fe8  __TI_CINIT_Limit              
20000000  __start___llvm_prf_cnts       
20000000  __stop___llvm_prf_cnts        
200008a0  __stack                       
20000aa0  __STACK_END                   
20000aa0  __STACK_TOP                   
ffffffff  __TI_pprof_out_hndl           
ffffffff  __TI_prof_data_size           
ffffffff  __TI_prof_data_start          
ffffffff  __binit__                     
ffffffff  __c_args__                    
ffffffff  binit                         
UNDEFED   __mpu_init                    
UNDEFED   _system_post_cinit            

[131 symbols]
